10,000,001 to 20,000,000, 2026-09-22/23

three-way split (threesplit.c)          9,995,886
direct search (findm.c, cap 2e7)              689
one-term split, composites                      3
p-adic, j <= 3000 / l <= 300                  255
p-adic, j <= 20000                             14
p-adic, two multiples, l <= 20000               1
no certificate yet                          3,153   (listed at the end of the file)

most of the 3153 haven't been through the p-adic search yet. the low ones have and are still open:
11226071 11661569 11921593 11931223 11968379 12077983 12424849 ... (j <= 20000 and l <= 20000, nothing)

$ python3 code/check_v9_certs.py v9_certificates_2_to_3000000.txt v9_certificates_3000001_to_10000000.txt v9_certificates_10000001_to_20000000.txt 2 11226070
bad lines: 0; integers in [2, 11226070] without a certificate: 0 []
OK: every m in [2, 11226070] occurs in a 9-term representation of 1, so v(9) > 11226070

2026-09-23 update: certificates now cover every m up to 13,813,798.
new ones came from more of our own searching plus certificates ntysdd posted on #403
(including their results_500 file and the ones from their solver), all rechecked here.

$ python3 code/check_v9_certs.py v9_certificates_2_to_3000000.txt v9_certificates_3000001_to_10000000.txt v9_certificates_10000001_to_20000000.txt 2 13813798
bad lines: 0; integers in [2, 13813798] without a certificate: 0 []
OK: every m in [2, 13813798] occurs in a 9-term representation of 1, so v(9) > 13813798

2026-09-23 later: every m up to 13,856,992 now has a certificate (13813799 added, plus ntysdd's
results_1124 file from #403, all rechecked). 13856993 has none: see v9-missing-13856993.log.
sha256 of v9_certificates_10000001_to_20000000.txt.xz: 5a8945d9fcc505d85c83c64e2a38c339575699924167985d1738742ed63b759a

$ python3 code/check_v9_certs.py v9_certificates_2_to_3000000.txt v9_certificates_3000001_to_10000000.txt v9_certificates_10000001_to_20000000.txt 2 13856992
bad lines: 0; integers in [2, 13856992] without a certificate: 0 []
OK: every m in [2, 13856992] occurs in a 9-term representation of 1, so v(9) > 13856992

2026-09-23 evening: added ntysdd's results_2248 from #403 (2248 certificates, all exact; 928 were new).
gaps between 13,856,993 and 20,000,000 are down from 1552 to 624. 13856993 is not in their file either.
sha256 of v9_certificates_10000001_to_20000000.txt.xz: 81101aa7b75cfef850c8b98c4b3ac2711ea343684d19751511d58849125f5a2b

2026-09-25 correction: the stage counts at the top add up to 10,000,001, one more than the 10,000,000
integers in the range. the three p-adic rows (255 + 14 + 1) should total 269, not 270: one integer got
counted in two of them. the other rows recount exactly (three-way split 9,995,886, direct search 689,
one-term split 3, no certificate yet 3,153). the certificate file itself is unaffected; the checker
re-verifies every line.
